// Jest Snapshot v1, https://goo.gl/fbAQLP

exports[`renders 1`] = `
<DocumentFragment>
  <div
    id="suspects"
  >
    <div
      id="images"
    >
      <img
        alt=""
        data-testid="default"
        src="/images/suspects/default.jpg"
      />
      <img
        alt=""
        data-suspect_id="0"
        src="/images/suspects/0.jpg"
      />
      <img
        alt=""
        class="show"
        data-suspect_id="1"
        src="/images/suspects/1.jpg"
      />
      <img
        alt=""
        data-suspect_id="2"
        src="/images/suspects/2.jpg"
      />
      <img
        alt=""
        data-suspect_id="3"
        src="/images/suspects/3.jpg"
      />
      <img
        alt=""
        data-suspect_id="4"
        src="/images/suspects/4.jpg"
      />
      <img
        alt=""
        data-suspect_id="5"
        src="/images/suspects/5.jpg"
      />
      <img
        alt=""
        data-suspect_id="6"
        src="/images/suspects/6.jpg"
      />
      <img
        alt=""
        data-suspect_id="7"
        src="/images/suspects/7.jpg"
      />
      <img
        alt=""
        data-suspect_id="8"
        src="/images/suspects/8.jpg"
      />
      <img
        alt=""
        data-suspect_id="9"
        src="/images/suspects/9.jpg"
      />
      <img
        alt=""
        data-suspect_id="10"
        src="/images/suspects/10.jpg"
      />
      <img
        alt=""
        data-suspect_id="11"
        src="/images/suspects/11.jpg"
      />
      <img
        alt=""
        data-suspect_id="12"
        src="/images/suspects/12.jpg"
      />
      <img
        alt=""
        data-suspect_id="13"
        src="/images/suspects/13.jpg"
      />
      <img
        alt=""
        data-suspect_id="14"
        src="/images/suspects/14.jpg"
      />
      <img
        alt=""
        data-suspect_id="15"
        src="/images/suspects/15.jpg"
      />
      <img
        alt=""
        data-suspect_id="16"
        src="/images/suspects/16.jpg"
      />
      <img
        alt=""
        data-suspect_id="17"
        src="/images/suspects/17.jpg"
      />
    </div>
  </div>
</DocumentFragment>
`;
