// Jest Snapshot v1, https://goo.gl/fbAQLP

exports[`renders 1`] = `
<DocumentFragment>
  <div
    class="suspectStory"
  >
    <div
      class="ui basic segment"
    >
      <h1
        class="ui header"
      >
        some text
      </h1>
      <p>
        Here is some text
      </p>
      <p>
        new paragraph
      </p>
    </div>
    <div
      class="ui fluid accordion"
    >
      <div
        class="title"
      >
        <i
          class="dropdown icon"
        />
        table
      </div>
      <div
        class="content"
      >
        <table>
          <tbody>
            <tr>
              <th>
                row1
              </th>
              <td>
                value1
              </td>
            </tr>
            <tr>
              <th>
                row2
              </th>
              <td>
                value2
              </td>
            </tr>
          </tbody>
        </table>
      </div>
      <div
        class="title"
      >
        <i
          class="dropdown icon"
        />
        category
      </div>
      <div
        class="content"
      >
        <h3>
          title
        </h3>
        <table>
          <tbody>
            <tr>
              <th>
                row1
              </th>
              <td>
                value1
              </td>
            </tr>
            <tr>
              <th>
                row2
              </th>
              <td>
                value2
              </td>
            </tr>
          </tbody>
        </table>
        <h3>
          title2
        </h3>
        <table>
          <tbody>
            <tr>
              <th>
                row1
              </th>
              <td>
                value1
              </td>
            </tr>
            <tr>
              <th>
                row2
              </th>
              <td>
                value2
              </td>
            </tr>
          </tbody>
        </table>
      </div>
    </div>
  </div>
</DocumentFragment>
`;
