// Jest Snapshot v1, https://goo.gl/fbAQLP

exports[`renders 1`] = `
<DocumentFragment>
  <div
    style="clear: both;"
  />
  <div
    class="chatItem middle action"
  >
    someName questioned a suspect
  </div>
</DocumentFragment>
`;
